mul
add
div
sub
rem
and
eql
or
addr
addr
arrow
dot
deref
arrow
arrow
dot
